I originally had the boot sequence, but apparently I overwrote it with an older
Listing by mistake. Since I don't have the proper cable on me, I'm submitting this
for now. Below is a boot read that I took from the eLinux wiki as a placeholder.

On the left you can see the time at which the action on the right is taking place, showing us this portion of the kernel startup takes about 1.8 seconds total (see final time stamp).

Starting kernel ...

Uncompressing Linux... done, booting the kernel.
[    0.000000] Initializing cgroup subsys cpuset
[    0.000000] Initializing cgroup subsys cpu
[    0.000000] Linux version 3.2.25 (koen@Angstrom-F16-vm-rpm) (gcc version 4.5.4 20120305 (prerelease) (GCC) ) #1 Fri Aug 10 10:33:12 CEST 2012
[    0.000000] CPU: ARMv7 Processor [413fc082] revision 2 (ARMv7), cr=50c53c7d
[    0.000000] CPU: PIPT / VIPT nonaliasing data cache, VIPT aliasing instruction cache
[    0.000000] Machine: am335xevm
[    0.000000] Memory policy: ECC disabled, Data cache writeback
[    0.000000] AM335X ES1.0 (sgx neon )
[    0.000000] Built 1 zonelists in Zone order, mobility grouping on.  Total pages: 65024
[    0.000000] Kernel command line: console=ttyO0,115200n8 run_hardware_tests root=/dev/mmcblk0p2 ro rootfstype=ext4 rootwait ip=none
[    0.000000] PID hash table entries: 1024 (order: 0, 4096 bytes)
[    0.000000] Dentry cache hash table entries: 32768 (order: 5, 131072 bytes)
[    0.000000] Inode-cache hash table entries: 16384 (order: 4, 65536 bytes)
[    0.000000] allocated 1048576 bytes of page_cgroup
[    0.000000] please try 'cgroup_disable=memory' option if you don't want memory cgroups
[    0.000000] Memory: 256MB = 256MB total
[    0.000000] Memory: 253240k/253240k available, 8904k reserved, 0K highmem
[    0.000000] Virtual kernel memory layout:
[    0.000000]     vector  : 0xffff0000 - 0xffff1000   (   4 kB)
[    0.000000]     fixmap  : 0xfff00000 - 0xfffe0000   ( 896 kB)
[    0.000000]     vmalloc : 0xd0800000 - 0xff000000   ( 744 MB)
[    0.000000]     lowmem  : 0xc0000000 - 0xd0000000   ( 256 MB)
[    0.000000]     modules : 0xbf800000 - 0xc0000000   (   8 MB)
[    0.000000]       .text : 0xc0008000 - 0xc047fa10   (4575 kB)
[    0.000000]       .init : 0xc0480000 - 0xc04b8000   ( 224 kB)
[    0.000000]       .data : 0xc04b8000 - 0xc050a168   ( 329 kB)
[    0.000000]        .bss : 0xc050a18c - 0xc0575894   ( 430 kB)
[    0.000000] NR_IRQS:410 nr_irqs:410 410
[    0.000000] IRQ: Found an INTC at 0xfa200000 (revision 5.0) with 128 interrupts
[    0.000000] Total of 128 interrupts on 1 active controller
[    0.000000] OMAP clockevent source: GPTIMER2 at 24000000 Hz
[    0.000000] OMAP clocksource: GPTIMER1 at 32768 Hz
[    0.000000] sched_clock: 32 bits at 32kHz, resolution 30517ns, wraps every 131071999ms
[    0.000000] Console: colour dummy device 80x30
[    0.000183] Calibrating delay loop... 498.89 BogoMIPS (lpj=2494464)
[    0.058563] pid_max: default: 32768 minimum: 301
[    0.058746] Security Framework initialized
[    0.058807] Mount-cache hash table entries: 512
[    0.059234] Initializing cgroup subsys cpuacct
[    0.059295] Initializing cgroup subsys memory
[    0.059326] Initializing cgroup subsys devices
[    0.059356] Initializing cgroup subsys freezer
[    0.059356] Initializing cgroup subsys blkio
[    0.059387] Initializing cgroup subsys perf_event
[    0.059478] CPU: Testing write buffer coherency: ok
[    0.060729] devtmpfs: initialized
[    0.081268] omap_hwmod: gfx: failed to hardreset
[    0.097991] omap_hwmod: pruss: failed to hardreset
[    0.098571] print_constraints: dummy: 
[    0.098876] NET: Registered protocol family 16
[    0.100128] OMAP GPIO hardware version 0.1
[    0.101409] omap_mux_init: Add partition: #1: core, flags: 0
[    0.102935]  omap_i2c.1: alias fck already exists
[    0.103363] hw-breakpoint: debug architecture 0x4 unsupported.
[    0.103546]  omap2_mcspi.1: alias fck already exists
[    0.103698]  omap2_mcspi.2: alias fck already exists
[    0.103881]  edma.0: alias fck already exists
[    0.103881]  edma.0: alias fck already exists
[    0.103912]  edma.0: alias fck already exists
[    0.104003] cape: pcm register
[    0.114349] bio: create slab <bio-0> at 0
[    0.115661] SCSI subsystem initialized
[    0.116607] usbcore: registered new interface driver usbfs
[    0.116760] usbcore: registered new interface driver hub
[    0.116943] usbcore: registered new device driver usb
[    0.117095] musb-ti81xx musb-ti81xx: musb0, board_mode=0x13, plat_mode=0x3
[    0.117248] musb-ti81xx musb-ti81xx: musb1, board_mode=0x13, plat_mode=0x1
[    0.117797] omap_i2c omap_i2c.1: bus 1 rev2.4.0 at 100 kHz
[    0.119110] Advanced Linux Sound Architecture Driver Version 1.0.24.
[    0.119720] Switching to clocksource gp timer
[    0.147979] musb-hdrc: version 6.0, ?dma?, otg (peripheral+host)
[    0.148193] musb-hdrc musb-hdrc.0: dma type: pio
[    0.148406] MUSB0 controller's USBSS revision = 4ea20800
[    0.148895] musb-hdrc musb-hdrc.0: USB OTG mode controller at d081c000 using PIO, IRQ 18
[    0.149230] musb-hdrc musb-hdrc.1: dma type: pio
[    0.149383] MUSB1 controller's USBSS revision = 4ea20800
[    0.149536] musb-hdrc musb-hdrc.1: MUSB HDRC host driver
[    0.149627] musb-hdrc musb-hdrc.1: new USB bus registered, assigned bus number 1
[    0.149871] usb usb1: New USB device found, idVendor=1d6b, idProduct=0002
[    0.149871] usb usb1: New USB device strings: Mfr=3, Product=2, SerialNumber=1
[    0.149902] usb usb1: Product: MUSB HDRC host driver
[    0.149932] usb usb1: Manufacturer: Linux 3.2.25 musb-hcd
[    0.149932] usb usb1: SerialNumber: musb-hdrc.1
[    0.150695] hub 1-0:1.0: USB hub found
[    0.150726] hub 1-0:1.0: 1 port detected
[    0.151275] musb-hdrc musb-hdrc.1: USB Host mode controller at d081e800 using PIO, IRQ 19
[    0.151702] NET: Registered protocol family 2
[    0.151947] IP route cache hash table entries: 2048 (order: 1, 8192 bytes)
[    0.152404] TCP established hash table entries: 8192 (order: 4, 65536 bytes)
[    0.152648] TCP bind hash table entries: 8192 (order: 3, 32768 bytes)
[    0.152770] TCP: Hash tables configured (established 8192 bind 8192)
[    0.152801] TCP reno registered
[    0.152801] UDP hash table entries: 256 (order: 0, 4096 bytes)
[    0.152832] UDP-Lite hash table entries: 256 (order: 0, 4096 bytes)
[    0.153137] NET: Registered protocol family 1
[    0.153533] RPC: Registered named UNIX socket transport module.
[    0.153533] RPC: Registered udp transport module.
[    0.153564] RPC: Registered tcp transport module.
[    0.153564] RPC: Registered tcp NFSv4.1 backchannel transport module.
[    0.155517] audit: initializing netlink socket (disabled)
[    0.155578] type=2000 audit(0.150:1): initialized
[    0.157165] VFS: Disk quotas dquot_6.5.2
[    0.157226] Dquot-cache hash table entries: 1024 (order 0, 4096 bytes)
[    0.158416] msgmni has been set to 494
[    0.159545] Block layer SCSI generic (bsg) driver version 0.4 loaded (major 252)
[    0.159667] io scheduler noop registered
[    0.159667] io scheduler deadline registered
[    0.159759] io scheduler cfq registered (default)
[    0.160858] Serial: 8250/16550 driver, 4 ports, IRQ sharing enabled
[    0.162414] omap_uart.0: ttyO0 at MMIO 0x44e09000 (irq = 72) is a OMAP UART0
[    0.792907] console [ttyO0] enabled
[    0.797210] omap_uart.1: ttyO1 at MMIO 0x48022000 (irq = 73) is a OMAP UART1
[    0.805175] omap_uart.2: ttyO2 at MMIO 0x48024000 (irq = 74) is a OMAP UART2
[    0.813049] omap_uart.3: ttyO3 at MMIO 0x481a6000 (irq = 44) is a OMAP UART3
[    0.820953] omap_uart.4: ttyO4 at MMIO 0x481a8000 (irq = 45) is a OMAP UART4
[    0.828826] omap_uart.5: ttyO5 at MMIO 0x481aa000 (irq = 46) is a OMAP UART5
[    0.838073] brd: module loaded
[    0.846069] loop: module loaded
[    0.849487] at24 1-0051: 32768 byte 24c256 EEPROM, writable, 64 bytes/write
[    0.910339] No daughter card found
[    0.913970] at24 1-0050: 32768 byte 24c256 EEPROM, writable, 64 bytes/write
[    0.929260] Board name: A335BONE
[    0.932678] Board version: 00A3
[    0.936004] The board is a AM335x Beaglebone.
[    0.941284] tps65217 1-0024: TPS65217 ID 0x7 version 1.0
[    0.948760] print_constraints: DCDC1: 900 <--> 1800 mV at 1800 mV 
[    0.957275] print_constraints: DCDC2: 900 <--> 3300 mV at 1275 mV 
[    0.965728] print_constraints: DCDC3: 900 <--> 1500 mV at 1100 mV 
[    0.974151] print_constraints: LDO1: 1000 <--> 3300 mV at 1800 mV 
[    0.982604] print_constraints: LDO2: 900 <--> 3300 mV at 3300 mV 
[    0.990936] print_constraints: LDO3: 1800 <--> 3300 mV at 3300 mV 
[    0.999359] print_constraints: LDO4: 1800 <--> 3300 mV at 3300 mV 
[    1.006408] Maximum current provided by the USB port is 500mA which is not sufficient when operating @OPP120 and OPPTURBO. The current requirement for some use-cases using OPP100 might also exceed the maximum current that the USB port can provide. Unless you are fully confident that the current requirements for OPP100 use-case don't exceed the USB limits, switching to AC power is recommended.
[    1.043487]  omap_i2c.3: alias fck already exists
[    1.048706] omap_i2c omap_i2c.3: bus 3 rev2.4.0 at 100 kHz
[    1.059112] at24 3-0054: 32768 byte 24c256 EEPROM, writable, 64 bytes/write
[    1.120361] BeagleBone cape EEPROM: could not read eeprom at address 0x54
[    1.127563] at24 3-0055: 32768 byte 24c256 EEPROM, writable, 64 bytes/write
[    1.190368] BeagleBone cape EEPROM: could not read eeprom at address 0x55
[    1.197570] at24 3-0056: 32768 byte 24c256 EEPROM, writable, 64 bytes/write
[    1.260375] BeagleBone cape EEPROM: could not read eeprom at address 0x56
[    1.267578] at24 3-0057: 32768 byte 24c256 EEPROM, writable, 64 bytes/write
[    1.330383] BeagleBone cape EEPROM: could not read eeprom at address 0x57
[    1.337707]  omap_hsmmc.0: alias fck already exists
[    1.343017] BeagleBone cape: exporting ADC pins to sysfs
[    1.348876] Beaglebone: initializing onboard LEDs
[    1.353881] BeagleBone cape: exporting SPI pins as spidev
[    1.360107] BeagleBone cape: initializing w1-gpio
[    1.365234] w1-gpio connected to P8_6
[    1.369781] SCSI Media Changer driver v0.25 
[    1.374694] CAN device driver interface
[    1.378753] CAN bus driver for Bosch D_CAN controller 1.0
[    1.430419] davinci_mdio davinci_mdio.0: davinci mdio revision 1.6
[    1.436920] davinci_mdio davinci_mdio.0: detected phy mask fffffffe
[    1.444580] davinci_mdio.0: probed
[    1.448181] davinci_mdio davinci_mdio.0: phy[0]: device 0:00, driver SMSC LAN8710/LAN8720
[    1.457061] usbcore: registered new interface driver cdc_acm
[    1.463073] cdc_acm: USB Abstract Control Model driver for USB modems and ISDN adapters
[    1.471618] usbcore: registered new interface driver usblp
[    1.477478] usbcore: registered new interface driver cdc_wdm
[    1.483520] usbcore: registered new interface driver uas
[    1.489135] Initializing USB Mass Storage driver...
[    1.494445] usbcore: registered new interface driver usb-storage
[    1.500793] USB Mass Storage support registered.
[    1.505767] usbcore: registered new interface driver libusual
[    1.512329] mousedev: PS/2 mouse device common for all mice
[    1.518829] dev addr = cfa08608
[    1.522186] pdev addr = cfa08600
[    1.526397] omap_rtc omap_rtc: rtc core: registered omap_rtc as rtc0
[    1.533142] omap_rtc: already running
[    1.537170] i2c /dev entries driver
[    1.541351] Linux media interface: v0.10
[    1.545593] Linux video capture interface: v2.00
[    1.550811] Driver for 1-wire Dallas network protocol.
[    1.557617] OMAP Watchdog Timer Rev 0x01: initial timeout 60 sec
[    1.565521] cpuidle: using governor ladder
[    1.570037] cpuidle: using governor menu
[    1.577178] usbcore: registered new interface driver usbhid
[    1.583099] usbhid: USB HID core driver
[    1.588195] usbcore: registered new interface driver snd-usb-audio
[    1.595794] ALSA device list:
[    1.598907]   No soundcards found.
[    1.602966] TCP cubic registered
[    1.606353] Initializing XFRM netlink socket
[    1.610931] NET: Registered protocol family 17
[    1.615661] NET: Registered protocol family 15
[    1.620361] can: controller area network core (rev 20090105 abi 8)
[    1.626983] NET: Registered protocol family 29
[    1.631713] can: raw protocol (rev 20090105)
[    1.636230] Registering the dns_resolver key type
[    1.641296] VFP support v0.3: implementor 41 architecture 3 part 30 variant c rev 3
[    1.649383] ThumbEE CPU extension supported.
[    1.653961] mux: Failed to setup hwmod io irq -22
[    1.659759] Power Management for AM33XX family
[    1.664672] Trying to load am335x-pm-firmware.bin (60 secs timeout)
[    1.671417] Copied the M3 firmware to UMEM
[    1.681396] registered taskstats version 1
[    1.686035] Detected MACID=d4:94:a1:39:ed:c
[    1.691589] omap_rtc omap_rtc: setting system clock to 2000-01-01 01:35:27 UTC (946690527)
[    1.701171] Waiting for root device /dev/mmcblk0p2...
[    1.741912] mmc0: host does not support reading read-only switch. assuming write-enable.
[    1.753051] mmc0: new high speed SDHC card at address 1234
[    1.759460] mmcblk0: mmc0:1234 SA04G 3.67 GiB 
[    1.766632]  mmcblk0: p1 p2
[    1.830230] EXT4-fs (mmcblk0p2): mounted filesystem with ordered data mode. Opts: (null)
[    1.838897] VFS: Mounted root (ext4 filesystem) readonly on device 179:2.
[    1.856109] devtmpfs: mounted
[    1.859680] Freeing init memory: 224K
